This is pdfTeX, Version 3.141592653-2.6-1.40.28 (MiKTeX 25.12) (preloaded format=pdflatex 2026.8.15)  30 AUG 2026 14:27
entering extended mode
 restricted \write18 enabled.
 %&-line parsing enabled.
**./rapport_resultats.tex
(rapport_resultats.tex
LaTeX2e <2025-11-01>
L3 programming layer <2025-12-24>
(C:\Users\Miguel\AppData\Local\Programs\MiKTeX\tex/latex/base\article.cls
Document Class: article 2025/01/22 v1.4n Standard LaTeX document class
(C:\Users\Miguel\AppData\Local\Programs\MiKTeX\tex/latex/base\size11.clo
File: size11.clo 2025/01/22 v1.4n Standard LaTeX file (size option)
)
\c@part=\count275
\c@section=\count276
\c@subsection=\count277
\c@subsubsection=\count278
\c@paragraph=\count279
\c@subparagraph=\count280
\c@figure=\count281
\c@table=\count282
\abovecaptionskip=\skip49
\belowcaptionskip=\skip50
\bibindent=\dimen148
)
(C:\Users\Miguel\AppData\Local\Programs\MiKTeX\tex/latex/base\inputenc.sty
Package: inputenc 2024/02/08 v1.3d Input encoding file
\inpenc@prehook=\toks17
\inpenc@posthook=\toks18
)
(C:\Users\Miguel\AppData\Local\Programs\MiKTeX\tex/latex/base\fontenc.sty
Package: fontenc 2025/07/18 v2.1d Standard LaTeX package
)
(C:\Users\Miguel\AppData\Local\Programs\MiKTeX\tex/generic/babel\babel.sty
Package: babel 2025/12/11 v25.17 The multilingual framework for LuaLaTeX, pdfLa
TeX and XeLaTeX
\babel@savecnt=\count283
LaTeX Encoding Info:    Redeclaring text command \ij (encoding OT1) on input li
ne 2068.
LaTeX Encoding Info:    Redeclaring text command \IJ (encoding OT1) on input li
ne 2070.
LaTeX Encoding Info:    Redeclaring text command \ij (encoding T1) on input lin
e 2072.
LaTeX Encoding Info:    Redeclaring text command \IJ (encoding T1) on input lin
e 2073.
LaTeX Encoding Info:    Ignoring declaration for text command \ij (encoding ?) 
on input line 2074.
LaTeX Encoding Info:    Ignoring declaration for text command \IJ (encoding ?) 
on input line 2076.
LaTeX Encoding Info:    Ignoring declaration for text command \SS (encoding ?) 
on input line 2101.
\U@D=\dimen149
\l@unhyphenated=\language79

(C:\Users\Miguel\AppData\Local\Programs\MiKTeX\tex/generic/babel\txtbabel.def)
\bbl@readstream=\read2
\bbl@dirlevel=\count284
Package babel Info: Configuration files are deprecated, as
(babel)             they can break document portability.
(babel)             Reported on input line 4196.

*************************************
* Local config file bblopts.cfg used
*
(C:\Users\Miguel\AppData\Local\Programs\MiKTeX\tex/latex/arabi\bblopts.cfg
File: bblopts.cfg 2005/09/08 v0.1 add Arabic and Farsi to "declared" options of
 babel
)
(C:\Users\Miguel\AppData\Local\Programs\MiKTeX\tex/generic/babel/locale/fr\babe
l-french.tex)
Package babel Info: Importing font and identification data for french
(babel)             from babel-fr.ini. Reported on input line 4320.

(C:\Users\Miguel\AppData\Local\Programs\MiKTeX\tex/generic/babel-french\french.
ldf
Language: french 2026-06-06 v4.1a French support from the babel system

(C:\Users\Miguel\AppData\Local\Programs\MiKTeX\tex/generic/babel-french\french3
.ldf
Language: french 2026-06-06 v3.7f French support from the babel system
\FB@stdchar=\count285
Package babel Info: Making : an active character on input line 266.
Package babel Info: Making ; an active character on input line 267.
Package babel Info: Making ! an active character on input line 268.
Package babel Info: Making ? an active character on input line 269.
\FBguill@level=\count286
\FBold@everypar=\toks19
\FB@Mht=\dimen150
\mc@charclass=\count287
\mc@charfam=\count288
\mc@charslot=\count289
\std@mcc=\count290
\dec@mcc=\count291
\listindentFB=\dimen151
\descindentFB=\dimen152
\labelwidthFB=\dimen153
\labelfullwidthFB=\dimen154
\FB@pardim=\dimen155
\parindentFFN=\dimen156
\FBfnindent=\dimen157
)))
(C:\Users\Miguel\AppData\Local\Programs\MiKTeX\tex/latex/carlisle\scalefnt.sty)
(C:\Users\Miguel\AppData\Local\Programs\MiKTeX\tex/latex/lm\lmodern.sty
Package: lmodern 2015/05/01 v1.6.1 Latin Modern Fonts
LaTeX Font Info:    Overwriting symbol font `operators' in version `normal'
(Font)                  OT1/cmr/m/n --> OT1/lmr/m/n on input line 22.
LaTeX Font Info:    Overwriting symbol font `letters' in version `normal'
(Font)                  OML/cmm/m/it --> OML/lmm/m/it on input line 23.
LaTeX Font Info:    Overwriting symbol font `symbols' in version `normal'
(Font)                  OMS/cmsy/m/n --> OMS/lmsy/m/n on input line 24.
LaTeX Font Info:    Overwriting symbol font `largesymbols' in version `normal'
(Font)                  OMX/cmex/m/n --> OMX/lmex/m/n on input line 25.
LaTeX Font Info:    Overwriting symbol font `operators' in version `bold'
(Font)                  OT1/cmr/bx/n --> OT1/lmr/bx/n on input line 26.
LaTeX Font Info:    Overwriting symbol font `letters' in version `bold'
(Font)                  OML/cmm/b/it --> OML/lmm/b/it on input line 27.
LaTeX Font Info:    Overwriting symbol font `symbols' in version `bold'
(Font)                  OMS/cmsy/b/n --> OMS/lmsy/b/n on input line 28.
LaTeX Font Info:    Overwriting symbol font `largesymbols' in version `bold'
(Font)                  OMX/cmex/m/n --> OMX/lmex/m/n on input line 29.
LaTeX Font Info:    Overwriting math alphabet `\mathbf' in version `normal'
(Font)                  OT1/cmr/bx/n --> OT1/lmr/bx/n on input line 31.
LaTeX Font Info:    Overwriting math alphabet `\mathsf' in version `normal'
(Font)                  OT1/cmss/m/n --> OT1/lmss/m/n on input line 32.
LaTeX Font Info:    Overwriting math alphabet `\mathit' in version `normal'
(Font)                  OT1/cmr/m/it --> OT1/lmr/m/it on input line 33.
LaTeX Font Info:    Overwriting math alphabet `\mathtt' in version `normal'
(Font)                  OT1/cmtt/m/n --> OT1/lmtt/m/n on input line 34.
LaTeX Font Info:    Overwriting math alphabet `\mathbf' in version `bold'
(Font)                  OT1/cmr/bx/n --> OT1/lmr/bx/n on input line 35.
LaTeX Font Info:    Overwriting math alphabet `\mathsf' in version `bold'
(Font)                  OT1/cmss/bx/n --> OT1/lmss/bx/n on input line 36.
LaTeX Font Info:    Overwriting math alphabet `\mathit' in version `bold'
(Font)                  OT1/cmr/bx/it --> OT1/lmr/bx/it on input line 37.
LaTeX Font Info:    Overwriting math alphabet `\mathtt' in version `bold'
(Font)                  OT1/cmtt/m/n --> OT1/lmtt/m/n on input line 38.
)
(C:\Users\Miguel\AppData\Local\Programs\MiKTeX\tex/latex/microtype\microtype.st
y
Package: microtype 2026/03/01 v3.2d Micro-typographical refinements (RS)
 (C:\Users\Miguel\AppData\Local\Programs\MiKTeX\tex/latex/graphics\keyval.sty
Package: keyval 2022/05/29 v1.15 key=value parser (DPC)
\KV@toks@=\toks20
) (C:\Users\Miguel\AppData\Local\Programs\MiKTeX\tex/latex/etoolbox\etoolbox.st
y
Package: etoolbox 2025/10/02 v2.5m e-TeX tools for LaTeX (JAW)
\etb@tempcnta=\count292
)
\MT@toks=\toks21
\MT@tempbox=\box53
\MT@count=\count293
LaTeX Info: Redefining \noprotrusionifhmode on input line 1084.
LaTeX Info: Redefining \leftprotrusion on input line 1085.
\MT@prot@toks=\toks22
LaTeX Info: Redefining \rightprotrusion on input line 1104.
LaTeX Info: Redefining \textls on input line 1449.
\MT@outer@kern=\dimen158
LaTeX Info: Redefining \microtypecontext on input line 2053.
LaTeX Info: Redefining \textmicrotypecontext on input line 2070.
\MT@listname@count=\count294

(C:\Users\Miguel\AppData\Local\Programs\MiKTeX\tex/latex/microtype\microtype-pd
ftex.def
File: microtype-pdftex.def 2026/03/01 v3.2d Definitions specific to pdftex (RS)

LaTeX Info: Redefining \lsstyle on input line 944.
LaTeX Info: Redefining \lslig on input line 944.
\MT@outer@space=\skip51
)
Package microtype Info: Loading configuration file microtype.cfg.

(C:\Users\Miguel\AppData\Local\Programs\MiKTeX\tex/latex/microtype\microtype.cf
g
File: microtype.cfg 2026/03/01 v3.2d microtype main configuration file (RS)
)
LaTeX Info: Redefining \microtypesetup on input line 3065.
)
(C:\Users\Miguel\AppData\Local\Programs\MiKTeX\tex/latex/geometry\geometry.sty
Package: geometry 2026/03/07 v6.0 Page Geometry

(C:\Users\Miguel\AppData\Local\Programs\MiKTeX\tex/generic/iftex\ifvtex.sty
Package: ifvtex 2019/10/25 v1.7 ifvtex legacy package. Use iftex instead.

(C:\Users\Miguel\AppData\Local\Programs\MiKTeX\tex/generic/iftex\iftex.sty
Package: iftex 2024/12/12 v1.0g TeX engine tests
))
\Gm@cnth=\count295
\Gm@cntv=\count296
\c@Gm@tempcnt=\count297
\Gm@bindingoffset=\dimen159
\Gm@wd@mp=\dimen160
\Gm@odd@mp=\dimen161
\Gm@even@mp=\dimen162
\Gm@layoutwidth=\dimen163
\Gm@layoutheight=\dimen164
\Gm@layouthoffset=\dimen165
\Gm@layoutvoffset=\dimen166
\Gm@dimlist=\toks23

(C:\Users\Miguel\AppData\Local\Programs\MiKTeX\tex/latex/geometry\geometry.cfg)
)
(C:\Users\Miguel\AppData\Local\Programs\MiKTeX\tex/latex/setspace\setspace.sty
Package: setspace 2022/12/04 v6.7b set line spacing
) (C:\Users\Miguel\AppData\Local\Programs\MiKTeX\tex/latex/amsmath\amsmath.sty
Package: amsmath 2025/07/09 v2.17z AMS math features
\@mathmargin=\skip52

For additional information on amsmath, use the `?' option.
(C:\Users\Miguel\AppData\Local\Programs\MiKTeX\tex/latex/amsmath\amstext.sty
Package: amstext 2024/11/17 v2.01 AMS text

(C:\Users\Miguel\AppData\Local\Programs\MiKTeX\tex/latex/amsmath\amsgen.sty
File: amsgen.sty 1999/11/30 v2.0 generic functions
\@emptytoks=\toks24
\ex@=\dimen167
))
(C:\Users\Miguel\AppData\Local\Programs\MiKTeX\tex/latex/amsmath\amsbsy.sty
Package: amsbsy 1999/11/29 v1.2d Bold Symbols
\pmbraise@=\dimen168
)
(C:\Users\Miguel\AppData\Local\Programs\MiKTeX\tex/latex/amsmath\amsopn.sty
Package: amsopn 2022/04/08 v2.04 operator names
)
\inf@bad=\count298
LaTeX Info: Redefining \frac on input line 233.
\uproot@=\count299
\leftroot@=\count300
LaTeX Info: Redefining \overline on input line 398.
LaTeX Info: Redefining \colon on input line 409.
\classnum@=\count301
\DOTSCASE@=\count302
LaTeX Info: Redefining \ldots on input line 495.
LaTeX Info: Redefining \dots on input line 498.
LaTeX Info: Redefining \cdots on input line 619.
\Mathstrutbox@=\box54
\strutbox@=\box55
LaTeX Info: Redefining \big on input line 721.
LaTeX Info: Redefining \Big on input line 722.
LaTeX Info: Redefining \bigg on input line 723.
LaTeX Info: Redefining \Bigg on input line 724.
\big@size=\dimen169
LaTeX Font Info:    Redeclaring font encoding OML on input line 742.
LaTeX Font Info:    Redeclaring font encoding OMS on input line 743.
\macc@depth=\count303
LaTeX Info: Redefining \bmod on input line 904.
LaTeX Info: Redefining \pmod on input line 909.
LaTeX Info: Redefining \smash on input line 939.
LaTeX Info: Redefining \relbar on input line 969.
LaTeX Info: Redefining \Relbar on input line 970.
\c@MaxMatrixCols=\count304
\dotsspace@=\muskip17
\c@parentequation=\count305
\dspbrk@lvl=\count306
\tag@help=\toks25
\row@=\count307
\column@=\count308
\maxfields@=\count309
\andhelp@=\toks26
\eqnshift@=\dimen170
\alignsep@=\dimen171
\tagshift@=\dimen172
\tagwidth@=\dimen173
\totwidth@=\dimen174
\lineht@=\dimen175
\@envbody=\toks27
\multlinegap=\skip53
\multlinetaggap=\skip54
\mathdisplay@stack=\toks28
LaTeX Info: Redefining \[ on input line 2950.
LaTeX Info: Redefining \] on input line 2951.
)
(C:\Users\Miguel\AppData\Local\Programs\MiKTeX\tex/latex/amsfonts\amssymb.sty
Package: amssymb 2013/01/14 v3.01 AMS font symbols

(C:\Users\Miguel\AppData\Local\Programs\MiKTeX\tex/latex/amsfonts\amsfonts.sty
Package: amsfonts 2013/01/14 v3.01 Basic AMSFonts support
\symAMSa=\mathgroup4
\symAMSb=\mathgroup5
LaTeX Font Info:    Redeclaring math symbol \hbar on input line 98.
LaTeX Font Info:    Overwriting math alphabet `\mathfrak' in version `bold'
(Font)                  U/euf/m/n --> U/euf/b/n on input line 106.
)) (C:\Users\Miguel\AppData\Local\Programs\MiKTeX\tex/latex/tools\bm.sty
Package: bm 2025/10/21 v1.2g Bold Symbol Support (DPC/FMi)
\symboldoperators=\mathgroup6
\symboldletters=\mathgroup7
\symboldsymbols=\mathgroup8
Package bm Info: No bold for \OMX/lmex/m/n, using \pmb.
Package bm Info: No bold for \U/msa/m/n, using \pmb.
Package bm Info: No bold for \U/msb/m/n, using \pmb.
LaTeX Font Info:    Redeclaring math alphabet \mathbf on input line 149.
)
(C:\Users\Miguel\AppData\Local\Programs\MiKTeX\tex/latex/mathtools\mathtools.st
y
Package: mathtools 2024/10/04 v1.31 mathematical typesetting tools
 (C:\Users\Miguel\AppData\Local\Programs\MiKTeX\tex/latex/tools\calc.sty
Package: calc 2025/03/01 v4.3b Infix arithmetic (KKT,FJ)
\calc@Acount=\count310
\calc@Bcount=\count311
\calc@Adimen=\dimen176
\calc@Bdimen=\dimen177
\calc@Askip=\skip55
\calc@Bskip=\skip56
LaTeX Info: Redefining \setlength on input line 86.
LaTeX Info: Redefining \addtolength on input line 87.
\calc@Ccount=\count312
\calc@Cskip=\skip57
)
(C:\Users\Miguel\AppData\Local\Programs\MiKTeX\tex/latex/mathtools\mhsetup.sty
Package: mhsetup 2021/03/18 v1.4 programming setup (MH)
)
\g_MT_multlinerow_int=\count313
\l_MT_multwidth_dim=\dimen178
\origjot=\skip58
\l_MT_shortvdotswithinadjustabove_dim=\dimen179
\l_MT_shortvdotswithinadjustbelow_dim=\dimen180
\l_MT_above_intertext_sep=\dimen181
\l_MT_below_intertext_sep=\dimen182
\l_MT_above_shortintertext_sep=\dimen183
\l_MT_below_shortintertext_sep=\dimen184
\xmathstrut@box=\box56
\xmathstrut@dim=\dimen185
)
(C:\Users\Miguel\AppData\Local\Programs\MiKTeX\tex/latex/graphics\graphicx.sty
Package: graphicx 2024/12/31 v1.2e Enhanced LaTeX Graphics (DPC,SPQR)

(C:\Users\Miguel\AppData\Local\Programs\MiKTeX\tex/latex/graphics\graphics.sty
Package: graphics 2024/08/06 v1.4g Standard LaTeX Graphics (DPC,SPQR)

(C:\Users\Miguel\AppData\Local\Programs\MiKTeX\tex/latex/graphics\trig.sty
Package: trig 2023/12/02 v1.11 sin cos tan (DPC)
)
(C:\Users\Miguel\AppData\Local\Programs\MiKTeX\tex/latex/graphics-cfg\graphics.
cfg
File: graphics.cfg 2016/06/04 v1.11 sample graphics configuration
)
Package graphics Info: Driver file: pdftex.def on input line 106.

(C:\Users\Miguel\AppData\Local\Programs\MiKTeX\tex/latex/graphics-def\pdftex.de
f
File: pdftex.def 2025/09/29 v1.2d Graphics/color driver for pdftex
))
\Gin@req@height=\dimen186
\Gin@req@width=\dimen187
)
(C:\Users\Miguel\AppData\Local\Programs\MiKTeX\tex/latex/booktabs\booktabs.sty
Package: booktabs 2020/01/12 v1.61803398 Publication quality tables
\heavyrulewidth=\dimen188
\lightrulewidth=\dimen189
\cmidrulewidth=\dimen190
\belowrulesep=\dimen191
\belowbottomsep=\dimen192
\aboverulesep=\dimen193
\abovetopsep=\dimen194
\cmidrulesep=\dimen195
\cmidrulekern=\dimen196
\defaultaddspace=\dimen197
\@cmidla=\count314
\@cmidlb=\count315
\@aboverulesep=\dimen198
\@belowrulesep=\dimen199
\@thisruleclass=\count316
\@lastruleclass=\count317
\@thisrulewidth=\dimen256
) (C:\Users\Miguel\AppData\Local\Programs\MiKTeX\tex/latex/tools\array.sty
Package: array 2025/09/25 v2.6n Tabular extension package (FMi)
\col@sep=\dimen257
\ar@mcellbox=\box57
\extrarowheight=\dimen258
\NC@list=\toks29
\extratabsurround=\skip59
\backup@length=\skip60
\ar@cellbox=\box58
)
(C:\Users\Miguel\AppData\Local\Programs\MiKTeX\tex/latex/multirow\multirow.sty
Package: multirow 2024/11/12 v2.9 Span multiple rows of a table
\multirow@colwidth=\skip61
\multirow@cntb=\count318
\multirow@dima=\skip62
\bigstrutjot=\dimen259
) (C:\Users\Miguel\AppData\Local\Programs\MiKTeX\tex/latex/xcolor\xcolor.sty
Package: xcolor 2024/09/29 v3.02 LaTeX color extensions (UK)

(C:\Users\Miguel\AppData\Local\Programs\MiKTeX\tex/latex/graphics-cfg\color.cfg
File: color.cfg 2016/01/02 v1.6 sample color configuration
)
Package xcolor Info: Driver file: pdftex.def on input line 274.

(C:\Users\Miguel\AppData\Local\Programs\MiKTeX\tex/latex/graphics\mathcolor.ltx
)
Package xcolor Info: Model `cmy' substituted by `cmy0' on input line 1349.
Package xcolor Info: Model `hsb' substituted by `rgb' on input line 1353.
Package xcolor Info: Model `RGB' extended on input line 1365.
Package xcolor Info: Model `HTML' substituted by `rgb' on input line 1367.
Package xcolor Info: Model `Hsb' substituted by `hsb' on input line 1368.
Package xcolor Info: Model `tHsb' substituted by `hsb' on input line 1369.
Package xcolor Info: Model `HSB' substituted by `hsb' on input line 1370.
Package xcolor Info: Model `Gray' substituted by `gray' on input line 1371.
Package xcolor Info: Model `wave' substituted by `hsb' on input line 1372.
)
(C:\Users\Miguel\AppData\Local\Programs\MiKTeX\tex/latex/colortbl\colortbl.sty
Package: colortbl 2026/05/01 v1.0l Color table columns (DPC)
\everycr=\toks30
\minrowclearance=\skip63
\rownum=\count319
) (C:\Users\Miguel\AppData\Local\Programs\MiKTeX\tex/latex/float\float.sty
Package: float 2001/11/08 v1.3d Float enhancements (AL)
\c@float@type=\count320
\float@exts=\toks31
\float@box=\box59
\@float@everytoks=\toks32
\@floatcapt=\box60
)
(C:\Users\Miguel\AppData\Local\Programs\MiKTeX\tex/latex/caption\caption.sty
Package: caption 2023/08/05 v3.6o Customizing captions (AR)

(C:\Users\Miguel\AppData\Local\Programs\MiKTeX\tex/latex/caption\caption3.sty
Package: caption3 2023/07/31 v2.4d caption3 kernel (AR)
\caption@tempdima=\dimen260
\captionmargin=\dimen261
\caption@leftmargin=\dimen262
\caption@rightmargin=\dimen263
\caption@width=\dimen264
\caption@indent=\dimen265
\caption@parindent=\dimen266
\caption@hangindent=\dimen267
Package caption Info: Standard document class detected.
Package caption Info: french babel package is loaded.
)
\c@caption@flags=\count321
\c@continuedfloat=\count322
Package caption Info: float package is loaded.
)
(C:\Users\Miguel\AppData\Local\Programs\MiKTeX\tex/latex/caption\subcaption.sty
Package: subcaption 2023/07/28 v1.6b Sub-captions (AR)
Package caption Info: New subtype `subfigure' on input line 238.
\c@subfigure=\count323
Package caption Info: New subtype `subtable' on input line 238.
\c@subtable=\count324
)
(C:\Users\Miguel\AppData\Local\Programs\MiKTeX\tex/latex/hyperref\hyperref.sty
Package: hyperref 2025-07-12 v7.01o Hypertext links for LaTeX

(C:\Users\Miguel\AppData\Local\Programs\MiKTeX\tex/latex/kvsetkeys\kvsetkeys.st
y
Package: kvsetkeys 2022-10-05 v1.19 Key value parser (HO)
)
(C:\Users\Miguel\AppData\Local\Programs\MiKTeX\tex/generic/kvdefinekeys\kvdefin
ekeys.sty
Package: kvdefinekeys 2019-12-19 v1.6 Define keys (HO)
)
(C:\Users\Miguel\AppData\Local\Programs\MiKTeX\tex/generic/pdfescape\pdfescape.
sty
Package: pdfescape 2019/12/09 v1.15 Implements pdfTeX's escape features (HO)

(C:\Users\Miguel\AppData\Local\Programs\MiKTeX\tex/generic/ltxcmds\ltxcmds.sty
Package: ltxcmds 2023-12-04 v1.26 LaTeX kernel commands for general use (HO)
)
(C:\Users\Miguel\AppData\Local\Programs\MiKTeX\tex/generic/pdftexcmds\pdftexcmd
s.sty
Package: pdftexcmds 2020-06-27 v0.33 Utility functions of pdfTeX for LuaTeX (HO
)

(C:\Users\Miguel\AppData\Local\Programs\MiKTeX\tex/generic/infwarerr\infwarerr.
sty
Package: infwarerr 2019/12/03 v1.5 Providing info/warning/error messages (HO)
)
Package pdftexcmds Info: \pdf@primitive is available.
Package pdftexcmds Info: \pdf@ifprimitive is available.
Package pdftexcmds Info: \pdfdraftmode found.
))
(C:\Users\Miguel\AppData\Local\Programs\MiKTeX\tex/latex/hycolor\hycolor.sty
Package: hycolor 2020-01-27 v1.10 Color options for hyperref/bookmark (HO)
)
(C:\Users\Miguel\AppData\Local\Programs\MiKTeX\tex/latex/hyperref\nameref.sty
Package: nameref 2025-06-21 v2.57 Cross-referencing by name of section

(C:\Users\Miguel\AppData\Local\Programs\MiKTeX\tex/latex/refcount\refcount.sty
Package: refcount 2019/12/15 v3.6 Data extraction from label references (HO)
)
(C:\Users\Miguel\AppData\Local\Programs\MiKTeX\tex/generic/gettitlestring\getti
tlestring.sty
Package: gettitlestring 2019/12/15 v1.6 Cleanup title references (HO)

(C:\Users\Miguel\AppData\Local\Programs\MiKTeX\tex/latex/kvoptions\kvoptions.st
y
Package: kvoptions 2022-06-15 v3.15 Key value format for package options (HO)
))
\c@section@level=\count325
)
(C:\Users\Miguel\AppData\Local\Programs\MiKTeX\tex/generic/stringenc\stringenc.
sty
Package: stringenc 2019/11/29 v1.12 Convert strings between diff. encodings (HO
)
)
\@linkdim=\dimen268
\Hy@linkcounter=\count326
\Hy@pagecounter=\count327

(C:\Users\Miguel\AppData\Local\Programs\MiKTeX\tex/latex/hyperref\pd1enc.def
File: pd1enc.def 2025-07-12 v7.01o Hyperref: PDFDocEncoding definition (HO)
Now handling font encoding PD1 ...
... no UTF-8 mapping file for font encoding PD1
)
(C:\Users\Miguel\AppData\Local\Programs\MiKTeX\tex/generic/intcalc\intcalc.sty
Package: intcalc 2019/12/15 v1.3 Expandable calculations with integers (HO)
)
\Hy@SavedSpaceFactor=\count328
(C:\Users\Miguel\AppData\Local\Programs\MiKTeX\tex/latex/hyperref\puenc.def
File: puenc.def 2025-07-12 v7.01o Hyperref: PDF Unicode definition (HO)
Now handling font encoding PU ...
... no UTF-8 mapping file for font encoding PU
)
Package hyperref Info: Hyper figures OFF on input line 4195.
Package hyperref Info: Link nesting OFF on input line 4200.
Package hyperref Info: Hyper index ON on input line 4203.
Package hyperref Info: Plain pages OFF on input line 4210.
Package hyperref Info: Backreferencing OFF on input line 4215.
Package hyperref Info: Implicit mode ON; LaTeX internals redefined.
Package hyperref Info: Bookmarks ON on input line 4462.
\c@Hy@tempcnt=\count329

(C:\Users\Miguel\AppData\Local\Programs\MiKTeX\tex/latex/url\url.sty
\Urlmuskip=\muskip18
Package: url 2013/09/16  ver 3.4  Verb mode for urls, etc.
)
LaTeX Info: Redefining \url on input line 4801.
\XeTeXLinkMargin=\dimen269

(C:\Users\Miguel\AppData\Local\Programs\MiKTeX\tex/generic/bitset\bitset.sty
Package: bitset 2019/12/09 v1.3 Handle bit-vector datatype (HO)

(C:\Users\Miguel\AppData\Local\Programs\MiKTeX\tex/generic/bigintcalc\bigintcal
c.sty
Package: bigintcalc 2019/12/15 v1.5 Expandable calculations on big integers (HO
)
))
\Fld@menulength=\count330
\Field@Width=\dimen270
\Fld@charsize=\dimen271
Package hyperref Info: Hyper figures OFF on input line 6078.
Package hyperref Info: Link nesting OFF on input line 6083.
Package hyperref Info: Hyper index ON on input line 6086.
Package hyperref Info: backreferencing OFF on input line 6093.
Package hyperref Info: Link coloring OFF on input line 6098.
Package hyperref Info: Link coloring with OCG OFF on input line 6103.
Package hyperref Info: PDF/A mode OFF on input line 6108.
\Hy@abspage=\count331
\c@Item=\count332
\c@Hfootnote=\count333
)
Package hyperref Info: Driver (autodetected): hpdftex.

(C:\Users\Miguel\AppData\Local\Programs\MiKTeX\tex/latex/hyperref\hpdftex.def
File: hpdftex.def 2025-07-12 v7.01o Hyperref driver for pdfTeX
\Fld@listcount=\count334
\c@bookmark@seq@number=\count335

(C:\Users\Miguel\AppData\Local\Programs\MiKTeX\tex/latex/rerunfilecheck\rerunfi
lecheck.sty
Package: rerunfilecheck 2025-06-21 v1.11 Rerun checks for auxiliary files (HO)

(C:\Users\Miguel\AppData\Local\Programs\MiKTeX\tex/generic/uniquecounter\unique
counter.sty
Package: uniquecounter 2019/12/15 v1.4 Provide unlimited unique counter (HO)
)
Package uniquecounter Info: New unique counter `rerunfilecheck' on input line 2
84.
)
\Hy@SectionHShift=\skip64
)
(C:\Users\Miguel\AppData\Local\Programs\MiKTeX\tex/latex/dblfloatfix\dblfloatfi
x.sty
Package: dblfloatfix 2012/12/31 v1.0a (JAW)

(C:\Users\Miguel\AppData\Local\Programs\MiKTeX\tex/latex/base\fixltx2e.sty
Package: fixltx2e 2016/12/29 v2.1a fixes to LaTeX (obsolete)
Applying: [2015/01/01] Old fixltx2e package on input line 46.


Package fixltx2e Warning: fixltx2e is not required with releases after 2015
(fixltx2e)                All fixes are now in the LaTeX kernel.
(fixltx2e)                See the latexrelease package for details.

Already applied: [0000/00/00] Old fixltx2e package on input line 53.
)
\@dblbotnum=\count336
\c@dblbotnumber=\count337
)
LaTeX Font Info:    Trying to load font information for T1+lmr on input line 56
.
 (C:\Users\Miguel\AppData\Local\Programs\MiKTeX\tex/latex/lm\t1lmr.fd
File: t1lmr.fd 2015/05/01 v1.6.1 Font defs for Latin Modern
)
(C:\Users\Miguel\AppData\Local\Programs\MiKTeX\tex/latex/l3backend\l3backend-pd
ftex.def
File: l3backend-pdftex.def 2025-10-09 L3 backend support: PDF output (pdfTeX)
\l__color_backend_stack_int=\count338
)
No file rapport_resultats.aux.
\openout1 = `rapport_resultats.aux'.

LaTeX Font Info:    Checking defaults for OML/cmm/m/it on input line 56.
LaTeX Font Info:    ... okay on input line 56.
LaTeX Font Info:    Checking defaults for OMS/cmsy/m/n on input line 56.
LaTeX Font Info:    ... okay on input line 56.
LaTeX Font Info:    Checking defaults for OT1/cmr/m/n on input line 56.
LaTeX Font Info:    ... okay on input line 56.
LaTeX Font Info:    Checking defaults for T1/cmr/m/n on input line 56.
LaTeX Font Info:    ... okay on input line 56.
LaTeX Font Info:    Checking defaults for TS1/cmr/m/n on input line 56.
LaTeX Font Info:    ... okay on input line 56.
LaTeX Font Info:    Checking defaults for OMX/cmex/m/n on input line 56.
LaTeX Font Info:    ... okay on input line 56.
LaTeX Font Info:    Checking defaults for U/cmr/m/n on input line 56.
LaTeX Font Info:    ... okay on input line 56.
LaTeX Font Info:    Checking defaults for PD1/pdf/m/n on input line 56.
LaTeX Font Info:    ... okay on input line 56.
LaTeX Font Info:    Checking defaults for PU/pdf/m/n on input line 56.
LaTeX Font Info:    ... okay on input line 56.
Package babel Info: 'french' activates 'french' shorthands.
(babel)             Reported on input line 56.
LaTeX Info: Redefining \degres on input line 56.
LaTeX Info: Redefining \microtypecontext on input line 56.
Package microtype Info: Applying patch `item' on input line 56.
Package microtype Info: Applying patch `toc' on input line 56.
Package microtype Info: Applying patch `eqnum' on input line 56.
Package microtype Info: Applying patch `footnote' on input line 56.
Package microtype Info: Applying patch `verbatim' on input line 56.
LaTeX Info: Redefining \microtypesetup on input line 56.
Package microtype Info: Generating PDF output.
Package microtype Info: Character protrusion enabled (level 2).
Package microtype Info: Using default protrusion set `alltext'.
Package microtype Info: Automatic font expansion enabled (level 2),
(microtype)             stretch: 20, shrink: 20, step: 1, non-selected.
Package microtype Info: Using default expansion set `alltext-nott'.
Package microtype Info: Patching command `\showhyphens'.
Package microtype Info: No adjustment of tracking.
Package microtype Info: No adjustment of interword spacing.
Package microtype Info: No adjustment of character kerning.
(C:\Users\Miguel\AppData\Local\Programs\MiKTeX\tex/latex/microtype\mt-cmr.cfg
File: mt-cmr.cfg 2013/05/19 v2.2 microtype config. file: Computer Modern Roman 
(RS)
)
*geometry* driver: auto-detecting
*geometry* detected driver: pdftex
*geometry* verbose mode - [ preamble ] result:
* driver: pdftex
* paper: a4paper
* layout: <same size as paper>
* layoutoffset:(h,v)=(0.0pt,0.0pt)
* modes: 
* h-part:(L,W,R)=(51.21504pt, 495.07779pt, 51.21504pt)
* v-part:(T,H,B)=(62.59596pt, 719.85492pt, 62.59596pt)
* \paperwidth=597.50787pt
* \paperheight=845.04684pt
* \textwidth=495.07779pt
* \textheight=719.85492pt
* \oddsidemargin=-21.05495pt
* \evensidemargin=-21.05495pt
* \topmargin=-46.67403pt
* \headheight=12.0pt
* \headsep=25.0pt
* \topskip=11.0pt
* \footskip=30.0pt
* \marginparwidth=4.0pt
* \marginparsep=10.0pt
* \columnsep=19.91684pt
* \skip\footins=10.0pt plus 4.0pt minus 2.0pt
* \hoffset=0.0pt
* \voffset=0.0pt
* \mag=1000
* \@twocolumntrue
* \@twosidefalse
* \@mparswitchfalse
* \@reversemarginfalse
* (1in=72.27pt=25.4mm, 1cm=28.453pt)


(C:\Users\Miguel\AppData\Local\Programs\MiKTeX\tex/context/base/mkii\supp-pdf.m
kii
[Loading MPS to PDF converter (version 2006.09.02).]
\scratchcounter=\count339
\scratchdimen=\dimen272
\scratchbox=\box61
\nofMPsegments=\count340
\nofMParguments=\count341
\everyMPshowfont=\toks33
\MPscratchCnt=\count342
\MPscratchDim=\dimen273
\MPnumerator=\count343
\makeMPintoPDFobject=\count344
\everyMPtoPDFconversion=\toks34
)
(C:\Users\Miguel\AppData\Local\Programs\MiKTeX\tex/latex/epstopdf-pkg\epstopdf-
base.sty
Package: epstopdf-base 2020-01-24 v2.11 Base part for package epstopdf
Package epstopdf-base Info: Redefining graphics rule for `.eps' on input line 4
85.

(C:\Users\Miguel\AppData\Local\Programs\MiKTeX\tex/latex/00miktex\epstopdf-sys.
cfg
File: epstopdf-sys.cfg 2021/03/18 v2.0 Configuration of epstopdf for MiKTeX
))
Package caption Info: Begin \AtBeginDocument code.
Package caption Info: hyperref package is loaded.
Package caption Info: End \AtBeginDocument code.
Package hyperref Info: Link coloring OFF on input line 56.
\@outlinefile=\write3
\openout3 = `rapport_resultats.out'.

LaTeX Font Info:    Trying to load font information for T1+lmtt on input line 9
0.
 (C:\Users\Miguel\AppData\Local\Programs\MiKTeX\tex/latex/lm\t1lmtt.fd
File: t1lmtt.fd 2015/05/01 v1.6.1 Font defs for Latin Modern
)
Package microtype Info: Loading generic protrusion settings for font family
(microtype)             `lmtt' (encoding: T1).
(microtype)             For optimal results, create family-specific settings.
(microtype)             See the microtype manual for details.
Package microtype Info: Character `029' is missing
(microtype)             in font `T1/lmr/m/sc/10.95'.
(microtype)             Ignoring protrusion settings for this character.
LaTeX Font Info:    Trying to load font information for OT1+lmr on input line 9
0.

(C:\Users\Miguel\AppData\Local\Programs\MiKTeX\tex/latex/lm\ot1lmr.fd
File: ot1lmr.fd 2015/05/01 v1.6.1 Font defs for Latin Modern
)
LaTeX Font Info:    Trying to load font information for OML+lmm on input line 9
0.

(C:\Users\Miguel\AppData\Local\Programs\MiKTeX\tex/latex/lm\omllmm.fd
File: omllmm.fd 2015/05/01 v1.6.1 Font defs for Latin Modern
)
LaTeX Font Info:    Trying to load font information for OMS+lmsy on input line 
90.

(C:\Users\Miguel\AppData\Local\Programs\MiKTeX\tex/latex/lm\omslmsy.fd
File: omslmsy.fd 2015/05/01 v1.6.1 Font defs for Latin Modern
)
LaTeX Font Info:    Trying to load font information for OMX+lmex on input line 
90.

(C:\Users\Miguel\AppData\Local\Programs\MiKTeX\tex/latex/lm\omxlmex.fd
File: omxlmex.fd 2015/05/01 v1.6.1 Font defs for Latin Modern
)
LaTeX Font Info:    External font `lmex10' loaded for size
(Font)              <10.95> on input line 90.
LaTeX Font Info:    External font `lmex10' loaded for size
(Font)              <8> on input line 90.
LaTeX Font Info:    External font `lmex10' loaded for size
(Font)              <6> on input line 90.
LaTeX Font Info:    Trying to load font information for U+msa on input line 90.


(C:\Users\Miguel\AppData\Local\Programs\MiKTeX\tex/latex/amsfonts\umsa.fd
File: umsa.fd 2013/01/14 v3.01 AMS symbols A
)
(C:\Users\Miguel\AppData\Local\Programs\MiKTeX\tex/latex/microtype\mt-msa.cfg
File: mt-msa.cfg 2006/02/04 v1.1 microtype config. file: AMS symbols (a) (RS)
)
LaTeX Font Info:    Trying to load font information for U+msb on input line 90.


(C:\Users\Miguel\AppData\Local\Programs\MiKTeX\tex/latex/amsfonts\umsb.fd
File: umsb.fd 2013/01/14 v3.01 AMS symbols B
)
(C:\Users\Miguel\AppData\Local\Programs\MiKTeX\tex/latex/microtype\mt-msb.cfg
File: mt-msb.cfg 2005/06/01 v1.0 microtype config. file: AMS symbols (b) (RS)
)
LaTeX Font Info:    Trying to load font information for TS1+lmr on input line 9
0.

(C:\Users\Miguel\AppData\Local\Programs\MiKTeX\tex/latex/lm\ts1lmr.fd
File: ts1lmr.fd 2015/05/01 v1.6.1 Font defs for Latin Modern
)
Overfull \hbox (51.57985pt too wide) detected at line 122
[][][]\OML/lmm/m/it/10.95 '[]\OT1/lmr/m/n/10.95 (\OML/lmm/m/it/10.95 x\OT1/lmr/
m/n/10.95 ) = [] + []
 []


Underfull \vbox (badness 10000) has occurred while \output is active []

LaTeX Font Info:    External font `lmex10' loaded for size
(Font)              <10> on input line 150.
LaTeX Font Info:    External font `lmex10' loaded for size
(Font)              <7> on input line 150.
LaTeX Font Info:    External font `lmex10' loaded for size
(Font)              <5> on input line 150.
 [1{C:/Users/Miguel/AppData/Local/MiKTeX/fonts/map/pdftex/pdftex.map}{C:/Users/
Miguel/AppData/Local/Programs/MiKTeX/fonts/enc/dvips/lm/lm-ec.enc}{C:/Users/Mig
uel/AppData/Local/Programs/MiKTeX/fonts/enc/dvips/lm/lm-mathit.enc}{C:/Users/Mi
guel/AppData/Local/Programs/MiKTeX/fonts/enc/dvips/lm/lm-rm.enc}{C:/Users/Migue
l/AppData/Local/Programs/MiKTeX/fonts/enc/dvips/lm/lm-ts1.enc}


{C:/Users/Miguel/AppData/Local/Programs/MiKTeX/fonts/enc/dvips/lm/lm-mathsy.enc
}{C:/Users/Miguel/AppData/Local/Programs/MiKTeX/fonts/enc/dvips/lm/lm-mathex.en
c}]

LaTeX Warning: Reference `tab:hp' on page 2 undefined on input line 169.


Overfull \hbox (15.90814pt too wide) in paragraph at lines 179--194
 [][] 
 []

<figures/training_curves.png, id=31, 2810.5pt x 1204.5pt>
File: figures/training_curves.png Graphic file (type png)
<use figures/training_curves.png>
Package pdftex.def Info: figures/training_curves.png  used on input line 216.
(pdftex.def)             Requested size: 495.07779pt x 212.1691pt.

LaTeX Warning: Reference `eq:loss' on page 2 undefined on input line 220.


LaTeX Warning: Reference `eq:loss' on page 2 undefined on input line 220.


LaTeX Warning: Reference `fig:training' on page 2 undefined on input line 224.

<figures/loss_curves.png, id=33, 2810.5pt x 1204.5pt>
File: figures/loss_curves.png Graphic file (type png)
<use figures/loss_curves.png>
Package pdftex.def Info: figures/loss_curves.png  used on input line 247.
(pdftex.def)             Requested size: 495.07779pt x 212.1691pt.

LaTeX Warning: Reference `fig:loss' on page 2 undefined on input line 255.

<figures/val_metrics.png, id=34, 2810.5pt x 1204.5pt>
File: figures/val_metrics.png Graphic file (type png)
<use figures/val_metrics.png>
Package pdftex.def Info: figures/val_metrics.png  used on input line 267.
(pdftex.def)             Requested size: 495.07779pt x 212.1691pt.

LaTeX Warning: Reference `fig:valmetrics' on page 2 undefined on input line 276
.

<figures/roc_pr_comparison.png, id=35, 2810.5pt x 1204.5pt>
File: figures/roc_pr_comparison.png Graphic file (type png)
<use figures/roc_pr_comparison.png>
Package pdftex.def Info: figures/roc_pr_comparison.png  used on input line 290.

(pdftex.def)             Requested size: 495.07779pt x 212.1691pt.

LaTeX Warning: Reference `fig:rocpr' on page 2 undefined on input line 297.

[2]
<figures/metrics_table.png, id=57, 2810.5pt x 1204.5pt>
File: figures/metrics_table.png Graphic file (type png)
<use figures/metrics_table.png>
Package pdftex.def Info: figures/metrics_table.png  used on input line 308.
(pdftex.def)             Requested size: 237.58047pt x 101.8022pt.
Package microtype Info: Character `029' is missing
(microtype)             in font `T1/lmr/m/sc/10'.
(microtype)             Ignoring protrusion settings for this character.


LaTeX Warning: Citation `azamuke2025' on page 3 undefined on input line 336.


Overfull \hbox (35.99782pt too wide) in paragraph at lines 322--339
 [][] 
 []


LaTeX Warning: Citation `azamuke2025' on page 3 undefined on input line 344.


LaTeX Warning: Reference `sec:decision' on page 3 undefined on input line 360.

<figures/confusion_matrix.png, id=58, 1806.75pt x 1003.75pt>
File: figures/confusion_matrix.png Graphic file (type png)
<use figures/confusion_matrix.png>
Package pdftex.def Info: figures/confusion_matrix.png  used on input line 366.
(pdftex.def)             Requested size: 194.81772pt x 108.22266pt.

Underfull \vbox (badness 10000) has occurred while \output is active []

 [3 <./figures/training_curves.png> <./figures/metrics_table.png>]
Overfull \hbox (38.01895pt too wide) detected at line 377
[] \OT1/lmr/m/n/10.95 = [] = 0\OML/lmm/m/it/10.95 :\OT1/lmr/m/n/10.95 968\OML/l
mm/m/it/10.95 ;  [] \OT1/lmr/m/n/10.95 = [] = 0\OML/lmm/m/it/10.95 :\OT1/lmr/m/
n/10.95 936
 []


LaTeX Warning: Citation `cobac2018' on page 4 undefined on input line 384.

<figures/regularization.png, id=70, 2810.5pt x 1204.5pt>
File: figures/regularization.png Graphic file (type png)
<use figures/regularization.png>
Package pdftex.def Info: figures/regularization.png  used on input line 394.
(pdftex.def)             Requested size: 237.58047pt x 101.8022pt.

Underfull \vbox (badness 10000) has occurred while \output is active []



LaTeX Warning: Reference `fig:reg' on page 4 undefined on input line 402.


LaTeX Warning: Reference `eq:loss' on page 4 undefined on input line 403.

<figures/pruning_summary.png, id=71, 1806.75pt x 1003.75pt>
File: figures/pruning_summary.png Graphic file (type png)
<use figures/pruning_summary.png>
Package pdftex.def Info: figures/pruning_summary.png  used on input line 420.
(pdftex.def)             Requested size: 209.07198pt x 116.141pt.
[4 <./figures/loss_curves.png> <./figures/confusion_matrix.png> <./figures/regu
larization.png>]
Overfull \hbox (12.7314pt too wide) in paragraph at lines 433--446
 [][] 
 []


LaTeX Warning: Reference `tab:pruning' on page 5 undefined on input line 450.

LaTeX Font Info:    External font `lmex10' loaded for size
(Font)              <12> on input line 461.

Package hyperref Warning: Token not allowed in a PDF string (Unicode):
(hyperref)                removing `math shift' on input line 461.


Package hyperref Warning: Token not allowed in a PDF string (Unicode):
(hyperref)                removing `\varphi' on input line 461.


Package hyperref Warning: Token not allowed in a PDF string (Unicode):
(hyperref)                removing `subscript' on input line 461.


Package hyperref Warning: Token not allowed in a PDF string (Unicode):
(hyperref)                removing `math shift' on input line 461.

<figures/edge_functions_forget.png, id=87, 2810.5pt x 1204.5pt>
File: figures/edge_functions_forget.png Graphic file (type png)
<use figures/edge_functions_forget.png>
Package pdftex.def Info: figures/edge_functions_forget.png  used on input line 
466.
(pdftex.def)             Requested size: 242.59084pt x 103.95256pt.
<figures/edge_functions_input.png, id=88, 2810.5pt x 1204.5pt>
File: figures/edge_functions_input.png Graphic file (type png)
<use figures/edge_functions_input.png>
Package pdftex.def Info: figures/edge_functions_input.png  used on input line 4
70.
(pdftex.def)             Requested size: 242.59084pt x 103.95256pt.
<figures/edge_functions_candidate.png, id=89, 2810.5pt x 1204.5pt>
File: figures/edge_functions_candidate.png Graphic file (type png)
<use figures/edge_functions_candidate.png>
Package pdftex.def Info: figures/edge_functions_candidate.png  used on input li
ne 474.
(pdftex.def)             Requested size: 242.59084pt x 103.95256pt.
<figures/edge_functions_output.png, id=90, 2810.5pt x 1204.5pt>
File: figures/edge_functions_output.png Graphic file (type png)
<use figures/edge_functions_output.png>
Package pdftex.def Info: figures/edge_functions_output.png  used on input line 
478.
(pdftex.def)             Requested size: 242.59084pt x 103.95256pt.

LaTeX Warning: Reference `eq:phi' on page 5 undefined on input line 485.


LaTeX Warning: Reference `eq:phi' on page 5 undefined on input line 485.


LaTeX Warning: Reference `fig:edgefuncs' on page 5 undefined on input line 489.



Underfull \hbox (badness 1337) in paragraph at lines 493--498
 []\T1/lmr/bx/n/10.95 (+20) Porte For-get.[] \T1/lmr/m/n/10.95 (+20) L'arête \T
1/lmtt/m/n/10.95 rho_nouveau$\OMS/lmsy/m/n/10.95 ! \OML/lmm/m/it/10.95 h[]$
 []

<figures/heatmap_forget.png, id=91, 1806.75pt x 1003.75pt>
File: figures/heatmap_forget.png Graphic file (type png)
<use figures/heatmap_forget.png>
Package pdftex.def Info: figures/heatmap_forget.png  used on input line 512.
(pdftex.def)             Requested size: 242.59084pt x 134.76523pt.
<figures/heatmap_input.png, id=92, 1806.75pt x 1003.75pt>
File: figures/heatmap_input.png Graphic file (type png)
<use figures/heatmap_input.png>
Package pdftex.def Info: figures/heatmap_input.png  used on input line 516.
(pdftex.def)             Requested size: 242.59084pt x 134.76523pt.
<figures/heatmap_candidate.png, id=93, 1806.75pt x 1003.75pt>
File: figures/heatmap_candidate.png Graphic file (type png)
<use figures/heatmap_candidate.png>
Package pdftex.def Info: figures/heatmap_candidate.png  used on input line 520.

(pdftex.def)             Requested size: 242.59084pt x 134.76523pt.
<figures/heatmap_output.png, id=94, 1806.75pt x 1003.75pt>
File: figures/heatmap_output.png Graphic file (type png)
<use figures/heatmap_output.png>
Package pdftex.def Info: figures/heatmap_output.png  used on input line 524.
(pdftex.def)             Requested size: 242.59084pt x 134.76523pt.

LaTeX Warning: Reference `fig:heatmaps' on page 5 undefined on input line 535.

[5 <./figures/val_metrics.png> <./figures/pruning_summary.png>]
<figures/drift_by_feature.png, id=113, 1806.75pt x 1003.75pt>
File: figures/drift_by_feature.png Graphic file (type png)
<use figures/drift_by_feature.png>
Package pdftex.def Info: figures/drift_by_feature.png  used on input line 550.
(pdftex.def)             Requested size: 237.58047pt x 131.97772pt.

Overfull \hbox (20.11516pt too wide) in paragraph at lines 565--577
 [][] 
 []


Underfull \vbox (badness 10000) has occurred while \output is active []

<figures/symbolic_report.png, id=114, 2810.5pt x 1204.5pt>
File: figures/symbolic_report.png Graphic file (type png)
<use figures/symbolic_report.png>
Package pdftex.def Info: figures/symbolic_report.png  used on input line 593.
(pdftex.def)             Requested size: 237.58047pt x 101.8022pt.

Underfull \vbox (badness 10000) has occurred while \output is active []

 [6 <./figures/roc_pr_comparison.png> <./figures/drift_by_feature.png>]
<figures/decision_explanation.png, id=125, 1806.75pt x 1003.75pt>
File: figures/decision_explanation.png Graphic file (type png)
<use figures/decision_explanation.png>
Package pdftex.def Info: figures/decision_explanation.png  used on input line 6
24.
(pdftex.def)             Requested size: 237.58047pt x 131.97772pt.


LaTeX Warning: Reference `fig:decision' on page 7 undefined on input line 631.

[7 <./figures/edge_functions_forget.png> <./figures/edge_functions_input.png> <
./figures/edge_functions_candidate.png> <./figures/edge_functions_output.png> <
./figures/symbolic_report.png> <./figures/decision_explanation.png>]
Underfull \hbox (badness 4846) in paragraph at lines 637--639
 []\T1/lmr/bx/n/10.95 (+20) Transaction ana-ly-sée.[] \T1/lmr/m/n/10.95 (+20) S
core de risque :
 []


Overfull \hbox (81.33774pt too wide) detected at line 645
\OT1/lmr/m/n/10.95 ^^A([])[]0\OML/lmm/m/it/10.95 :\OT1/lmr/m/n/10.95 149\OML/lm
m/m/it/10.95 ;   \OT1/lmr/m/n/10.95 ^^A([])[]0\OML/lmm/m/it/10.95 :\OT1/lmr/m/n
/10.95 124\OML/lmm/m/it/10.95 ;   \OT1/lmr/m/n/10.95 ^^A([])[]0\OML/lmm/m/it/10
.95 :\OT1/lmr/m/n/10.95 059
 []


Underfull \hbox (badness 10000) in paragraph at lines 655--660
 []\T1/lmr/bx/n/10.95 (+20) Valeur ré-gle-men-taire.[] \T1/lmr/m/n/10.95 (+20) 
Ces contri-bu-tions
 []


Underfull \hbox (badness 10000) in paragraph at lines 655--660
\T1/lmr/m/n/10.95 (+20) mé-tier com-pré-hen-sibles (\T1/lmtt/m/n/10.95 rho_nouv
eau\T1/lmr/m/n/10.95 (+20) , \T1/lmtt/m/n/10.95 v1h\T1/lmr/m/n/10.95 (+20) ,
 []


LaTeX Warning: Citation `azamuke2025' on page 8 undefined on input line 671.

[8 <./figures/heatmap_forget.png> <./figures/heatmap_input.png> <./figures/heat
map_candidate.png> <./figures/heatmap_output.png>]
Underfull \hbox (badness 10000) in paragraph at lines 713--717
[]\T1/lmr/m/n/10.95 (+20) COBAC (2018). \T1/lmr/m/it/10.95 (+20) Rè-gle-ment
 []


Underfull \hbox (badness 10000) in paragraph at lines 713--717
\T1/lmr/m/it/10.95 (+20) N\TS1/lmr/m/it/10.95 (+20) °\T1/lmr/m/it/10.95 (+20) 0
4/18/CEMAC/UMAC/COBAC re-la-
 []

[9

] (rapport_resultats.aux)
 ***********
LaTeX2e <2025-11-01>
L3 programming layer <2025-12-24>
 ***********


LaTeX Warning: There were undefined references.


LaTeX Warning: Label(s) may have changed. Rerun to get cross-references right.


Package rerunfilecheck Warning: File `rapport_resultats.out' has changed.
(rerunfilecheck)                Rerun to get outlines right
(rerunfilecheck)                or use package `bookmark'.

Package rerunfilecheck Info: Checksums for `rapport_resultats.out':
(rerunfilecheck)             Before: <no file>
(rerunfilecheck)             After:  392F8B24EA377A26750D33D43A78FD1E;5012.
 ) 
Here is how much of TeX's memory you used:
 18037 strings out of 467871
 299669 string characters out of 5417892
 759626 words of memory out of 5000000
 46320 multiletter control sequences out of 15000+600000
 740962 words of font info for 243 fonts, out of 8000000 for 9000
 1141 hyphenation exceptions out of 8191
 75i,14n,79p,1016b,559s stack positions out of 10000i,1000n,20000p,200000b,200000s
<C:/Users/Miguel/AppData/Local/Programs/MiKTeX/fonts/type1/public/lm/lmbx10.p
fb><C:/Users/Miguel/AppData/Local/Programs/MiKTeX/fonts/type1/public/lm/lmbx12.
pfb><C:/Users/Miguel/AppData/Local/Programs/MiKTeX/fonts/type1/public/lm/lmcsc1
0.pfb><C:/Users/Miguel/AppData/Local/Programs/MiKTeX/fonts/type1/public/lm/lmex
10.pfb><C:/Users/Miguel/AppData/Local/Programs/MiKTeX/fonts/type1/public/lm/lmm
i10.pfb><C:/Users/Miguel/AppData/Local/Programs/MiKTeX/fonts/type1/public/lm/lm
mi12.pfb><C:/Users/Miguel/AppData/Local/Programs/MiKTeX/fonts/type1/public/lm/l
mmi6.pfb><C:/Users/Miguel/AppData/Local/Programs/MiKTeX/fonts/type1/public/lm/l
mmi7.pfb><C:/Users/Miguel/AppData/Local/Programs/MiKTeX/fonts/type1/public/lm/l
mmi8.pfb><C:/Users/Miguel/AppData/Local/Programs/MiKTeX/fonts/type1/public/lm/l
mr10.pfb><C:/Users/Miguel/AppData/Local/Programs/MiKTeX/fonts/type1/public/lm/l
mr12.pfb><C:/Users/Miguel/AppData/Local/Programs/MiKTeX/fonts/type1/public/lm/l
mr6.pfb><C:/Users/Miguel/AppData/Local/Programs/MiKTeX/fonts/type1/public/lm/lm
r7.pfb><C:/Users/Miguel/AppData/Local/Programs/MiKTeX/fonts/type1/public/lm/lmr
8.pfb><C:/Users/Miguel/AppData/Local/Programs/MiKTeX/fonts/type1/public/lm/lmri
10.pfb><C:/Users/Miguel/AppData/Local/Programs/MiKTeX/fonts/type1/public/lm/lms
y10.pfb><C:/Users/Miguel/AppData/Local/Programs/MiKTeX/fonts/type1/public/lm/lm
sy7.pfb><C:/Users/Miguel/AppData/Local/Programs/MiKTeX/fonts/type1/public/lm/lm
sy8.pfb><C:/Users/Miguel/AppData/Local/Programs/MiKTeX/fonts/type1/public/lm/lm
tt10.pfb>
Output written on rapport_resultats.pdf (9 pages, 2783806 bytes).
PDF statistics:
 285 PDF objects out of 1000 (max. 8388607)
 76 named destinations out of 1000 (max. 500000)
 65632 words of extra memory for PDF output out of 74296 (max. 10000000)

